check-host.net
akamaized.net
ettdnsv.com
gbcass.com
radware.com
konami.com
accounts.google.com
ads.google.com
adservice.google.com
ai.google.com
analytics.google.com
apis.google.com
appengine.google.com
books.google.com
business.google.com
chat.google.com
classroom.google.com
clients.google.com
clients2.google.com
clients6.google.com
cloud.google.com
code.google.com
datastudio.google.com
design.google.com
developer.google.com
developers.google.com
dl-ssl.google.com
dl.google.com
domains.google.com
events.google.com
fiber.google.com
firebase.google.com
issuetracker.google.com
lens.google.com
maps.google.com
marketingplatform.google.com
maven.google.com
notifications.google.com
one.google.com
optimize.google.com
pay.google.com
payments.google.com
play.google.com
research.google.com
services.google.com
storage.cloud.google.com
surveys.google.com
tagmanager.google.com
time.google.com
apple.com
iforgot.apple.com
googletagmanager.com
azure.com
zoom.us
spotify.com
algolia.net
mozilla.org
paypal.com
google-analytics.com
googleapis.com
skype.com
imgur.com
i.stack.imgur.com
medium.com
arcgis.com
salesforce.com
gravatar.com
webex.com
apache.org
udemy.com
ibm.com
zendesk.com
upwork.com
teamviewer.com
oracle.com
dell.com
slack.com
mit.edu
opensea.io
fiverr.com
http.dev
http.app
http.codes
android.com
go.dev
colab.google
larksuite.com
adobe.com
algolia.com
amd.com
appspot.com
atlassian.net
boardgamegeek.com
chatgpt.com
chat.openai.com
claude.ai
computerworld.com
cisco.com
docker.com
docker.io
ebay.com
filehippo.com
gitlab.com
gns3.com
golang.org
grafana.com
hpe.com
ign.com
intel.com
kinsta.com
linuxhostsupport.com
motorola.com
mysql.com
nvidia.com
notion.so
pastebin.com
solarwinds.com
spiceworks.com
splunk.com
ti.com
vmware.com
visa.com
web.dev
gemini.google.com
bard.google.com
alibaba.com
freepik.com
img.freepik.com
samsung.com
developer.samsung.com
go.com
amadeus.com
api.amadeus.com
steamcommunity.com
criteo.com
nginx.com
digitalocean.com
amazonvideo.com
ilovepdf.com
php.net
trello.com
cnet.com
mailchimp.com
constantcontact.com
figma.com
mi.com
grammarly.com
steampowered.com
store.steampowered.com
playstation.com
cpanel.net
forums.cpanel.net
unity3d.com
download.unity3d.com
envato.com
build.envato.com
elements.envato.com
openstreetmap.org
siteground.com
themeforest.net
linode.com
atlassian.com
lenovo.com
doc.vmware.com
hol.vmware.com
ubuntu.com
archive.ubuntu.com
launchpad.net
redhat.com
connect.redhat.com
coursera.org
miui.com
en.miui.com
qualtrics.com
google.qualtrics.com
mongodb.com
onetrust.com
python.org
hotjar.com
similarweb.com
prezi.com
norton.com
rubiconproject.com
codepen.io
quillbot.com
adsrvr.org
newrelic.com
bitbucket.org
api.bitbucket.org
remove.bg
ubisoft.com
akismet.com
techtarget.com
disney.com
yale.edu
codex.cs.yale.edu
feedburner.com
anchor.fm
fontawesome.com
xkcd.com
dynect.net
mathworks.com
xbox.com
cloudinary.com
microsoft.com
smartadserver.com
amazon.com
aws.amazon.com
amazonaws.com
s3.amazonaws.com
visualstudio.com
nintendo.com
unity.com
openai.com
doubleclick.net
creativecloud.adobe.com
blockchain.com
sharethrough.com
waze.com
netdna-ssl.com
launchdarkly.com
semrush.com
imdb.com
rover.ebay.com
elastic.co
khanacademy.org
sun.com
branch.io
sourceforge.net
crashlytics.com
caddyserver.com
stripe.com
js.stripe.com
hwcdn.net
miro.com
epicgames.com
accounts.epicgames.com
creativemarket.com
feedly.com
hoster.kz
mirror.hoster.kz
lg.com
zoho.com
optimizely.com
sendinblue.com
api.sendinblue.com
googleadservices.com
xero.com
statuspage.io
ubi.com
amplitude.com
kaggle.com
auth0.com
leagueoflegends.com
play.euw.leagueoflegends.com
woocommerce.com
microchip.com
prestashop.com
cookielaw.org
pendo.io
freelancer.com
rapid7.com
sentry.io
forum.sentry.io
overleaf.com
compiles.overleaf.com
wikia.com
ieee.org
twilio.com
bugsnag.com
freecodecamp.org
pypi.org
id5-sync.com
googleblog.com
androidstudio.googleblog.com
nodejs.org
convertio.co
vultr.com
stackexchange.com
hetzner.com
moz.com
smartsheet.com
anydesk.com
pingdom.com
nflxvideo.net
pubmatic.com
bestbuy.com
codecanyon.net
plesk.com
intercom.io
widget.intercom.io
alexa.com
getbootstrap.com
ipinfo.io
bootstrapcdn.com
fbsbx.com
superuser.com
dyn.com
flaticon.com
elementor.com
zend.com
smallseotools.com
truste.com
vuejs.org
he.net
lg.he.net
uplynk.com
postman.com
dev.to
unrealengine.com
fortinet.com
segment.com
towardsdatascience.com
bungie.net
typekit.com
datastax.com
docs.datastax.com
haxx.se
curl.haxx.se
wpastra.com
imgix.net
brightcove.com
akamai.com
broadcom.com
themoviedb.org
tinypng.com
spring.io
adobelogin.com
coursehero.com
kubernetes.io
activision.com
edx.org
sc-static.net
segment.io
usertesting.com
edgecastcdn.net
reactjs.org
laravel.com
cloudflareinsights.com
joker.com
jwplayer.com
thinkwithgoogle.com
chromium.org
virtualbox.org
download.virtualbox.org
f-secure.com
xboxlive.com
invisionapp.com
flurry.com
internetdownloadmanager.com
heroku.com
st.com
packtpub.com
algolianet.com
delltechnologies.com
curl.se
caddy.community
bitbucket.io
redis.io
fullstory.com
freenom.com
sendgrid.com
redditmedia.com
browserstack.com
telerik.com
docs.telerik.com
symfony.com
parsely.com
cc.com
southpark.cc.com
polyfill.io
cdn.polyfill.io
baeldung.com
wordfence.com
noc1.wordfence.com
noc2.wordfence.com
noc3.wordfence.com
noc4.wordfence.com
bsigroup.com
getflywheel.com
gitpod.io
ccleaner.com
programiz.com
graphicriver.net
origin.com
theme-fusion.com
updates.theme-fusion.com
datacamp.com
java.net
gtmetrix.com
mktoresp.com
freepikcompany.com
rapidtables.com
stripe.network
mendeley.com
ni.com
zabbix.com
repo.zabbix.com
packagist.org
olark.com
html5up.net
mycloud.com
slidesgo.com
split.io
intercomcdn.com
js.intercomcdn.com
demandbase.com
codesandbox.io
pub.dev
hashicorp.com
releases.hashicorp.com
respawn.com
exodus.io
nbcuni.com
djangoproject.com
toggl.com
sling.com
googlesource.com
theplatform.com
hackerrank.com
shadowserver.org
softlayer.com
videohive.net
digikey.com
techspot.com
fastly-insights.com
qt.io
turner.com
rust-lang.org
paypalobjects.com
filecr.com
flutter.dev
grabcad.com
schema.org
wdc.com
mandrillapp.com
mvnrepository.com
ip2location.com
getcomposer.org
oceanwp.org
tabnine.com
cgtrader.com
virtualmin.com
maxmind.com
download.maxmind.com
mxtoolbox.com
pytorch.org
ispsystem.com
cdn.ispsystem.com
nextjs.org
bluemix.net
wordtune.com
registry-1.docker.io
rtings.com
khronos.org
ansible.com
wpml.org
tensorflow.org
teamtreehouse.com
jetpack.com
netacad.com
fastly.com
clamav.net
audiojungle.net
xilinx.com
spoti.fi
warframe.com
paessler.com
material.io
mariadb.com
rapidapi.com
monsterinsights.com
paddle.com
rstudio.com
f2pool.com
btc-eu.f2pool.com
btc-us.f2pool.com
btc.f2pool.com
percona.com
nirsoft.net
linuxquestions.org
amp.dev
artbees.net
motionarray.com
rubygems.org
openreview.net
bold-themes.com
placeholder.com
via.placeholder.com
glitch.com
glitch.me
admob.com
apps.admob.com
websitedemos.net
optusnet.com.au
timedoctor.com
cloudlinux.com
repo.alt.cloudlinux.com
photodune.net
smtp2go.com
mail.smtp2go.com
terraform.io
registry.terraform.io
highcharts.com
cloudera.com
optus.com.au
site.pro
update.site.pro
chocolatey.org
level3.net
coreldraw.com
thimpress.com
omappapi.com
crocoblock.com
api.crocoblock.com
quicksprout.com
deno.land
hbogo.com
swift.org
npmjs.org
registry.npmjs.org
almalinux.org
vagrantup.com
tecmint.com
wpmudev.com
geforce.com
travis-ci.org
visualwebsiteoptimizer.com
mailgun.com
maven.org
expo.dev
sslshopper.com
deepmind.com
cloudbees.com
dodi-repacks.site
expressjs.com
ryte.com
angularjs.org
k8s.io
registry.k8s.io
planet.com
intellij.net
rocketcdn.me
itsfoss.com
mixer.com
rankmath.com
oauth.rankmath.com
wp-rocket.me
quay.io
element14.com
netbeans.org
gradle.org
shortpixel.ai
cdn.shortpixel.ai
machinelearningmastery.com
ant.design
bintray.com
mailenable.com
aclanthology.org
mongodb.org
openshift.com
cloud.openshift.com
zeplin.io
6sense.com
travis-ci.com
tielabs.com
stackshare.io
jitsi.org
alldatasheet.com
balena.io
rabbitmq.com
krisp.ai
plotly.com
dot.tk
wandb.ai
jfrog.io
gravityforms.com
expo.io
mbed.com
rocketleague.com
yithemes.com
graphql.org
acloud.guru
rocket.chat
wd.com
safaribooksonline.com
redis.com
grow.google
totalbattle.com
yougetsignal.com
3docean.net
pythonhosted.org
gitkraken.com
sstatic.net
hetzner.cloud
bigbluebutton.org
webmin.com
anaconda.org
lightstep.com
swaggerhub.com
wakatime.com
5sim.net
comsol.com
enterprisedb.com
wpmudev.org
oxygenbuilder.com
ai.google
wpbakery.com
packagecloud.io
hbonow.com
altn.com
getliner.com
dart.dev
coin360.com
serverpilot.io
socket.io
count.ly
csb.app
red.com
bitsrc.io
psyonix.com
myip.com
nodesource.com
nestjs.com
sheerid.com
jenkins-ci.org
codecov.io
seoptimer.com
cybrary.it
jaspersoft.com
eslint.org
securitytrails.com
webnus.net
developer.com
helm.sh
grafana.net
tinyjpg.com
c9.io
ruby-doc.org
min.io
seleniumhq.org
ifconfig.co
fabric.io
bootswatch.com
godoc.org
daily.dev
api.daily.dev
codewithmosh.com
shortpixel.com
tele2.net
speedtest.tele2.net
gluonhq.com
invis.io
quilljs.com
hackthebox.eu
oroinc.com
freenas.org
azul.com
01.org
download.01.org
acloudguru.com
sitefinity.com
codegrepper.com
alldebrid.com
vuforia.com
netdata.cloud
app.netdata.cloud
dogechain.info
my.dogechain.info
keil.com
blockstream.info
genymotion.com
host.io
seo-hacker.com
grafana.org
fusioncharts.com
cloudflarestatus.com
nvidia.co.uk
quic.cloud
altera.com
doubleclickbygoogle.com
jitpack.io
realm.io
firebase.com
reactnavigation.org
seoreviewtools.com
i18next.com
libraries.io
nativescript.org
bitvise.com
fedoramagazine.org
hogash.com
paperspace.com
zeit.co
godbolt.org
pwc.ca
dartlang.org
gcr.io
wrappixel.com
zestyio.com
phlox.pro
demo.phlox.pro
coincap.io
api.coincap.io
hyper.is
consul.io
webdesign.org
cdw.ca
proandroiddev.com
eep.io
cbeci.org
jenkov.com
explainshell.com
aapanel.com
goanimate.com
envato-static.com
polymer-project.org
cocalc.com
incredibuild.com
nightwatch.io
packagist.com
fsdn.com
kaggle.net
kreaturamedia.com
repository.kreaturamedia.com
followeran.com
kaggle.io
gurobi.com
battlefieldtracker.com
nopixel.net
ts.nopixel.net
maas.io
b4x.com
bazel.build
bit.dev
instana.com
elegantflyer.com
opennebula.io
seopress.org
bricksbuilder.io
platform9.com
dshield.org
pepipost.com
smtp.pepipost.com
bungie.com
oxy.host
unlimited-elements.com
flutter.io
goharbor.io
memoryhackers.org
dedicatedpanel.com
simplemaps.com
disneyjunior.com
jfrog.org
meetfranz.com
magestore.com
pkg.dev
gamekit.com
conan.io
gopkg.in
hex.pm
jhipster.tech
kaggleusercontent.com
vyos.io
fuchsia.dev
react-select.com
powerpackelements.com
coursera.com
onpage.org
wdtvlive.com
wpsheeteditor.com
nvidia.fr
whmcsglobalservices.com
labix.org
lit.dev
adobeexchange.com
gravitykit.com
cppstories.com
tinify.com
websiteforstudents.com
cgaxis.com
kingcomposer.com
victoriametrics.com
dynstatus.com
h-bid.com
sparkjava.com
crtv.mk
downduck.com
livepopulation.com
unyson.io
github-api-cache.unyson.io
acme.sh
get.acme.sh
trueos.org
my-netdata.io
getcaddy.com
javacardos.com
cljdoc.org
autom8n.com
heroturko.net
gravityview.co
licensepal.com
areama.net
api.areama.net
conikal.com
hostcontrol-backoffice.com
seancroxton.com
extremeloading.com
bungiefoundation.org
ngxpagespeed.com
gbudb.com
rockstar.com
samacsys.com
chaquo.com
intelephense.com
clamav.com
google.ai
jenkins.org
myip.nl
withgoogle.com
gitlab.io
cloudfunctions.net
firebaseio.com
cdn.oaistatic.com
console.cloud.google.com
oraclecloud.com
community.hpe.com
vsphereclient.vmware.com
code.vmware.com
thwack.solarwinds.com
downloadcenter.intel.com
corpredirect.intel.com
ark.intel.com
oriondemo.solarwinds.com
www.algolia.com
download-ssc.cisco.com
api.cisco.com
software.cisco.com
i.ytimg.com
firebaseextensions.clients6.google.com
repo.mysql.com
packages.cloud.google.com
apt.kubernetes.io
dgivdslhqe3qo.cloudfront.net
d36jcksde1wxzq.cloudfront.net
d2wy8f7a9ursnm.cloudfront.net
d20hvw4zeymqbm.cloudfront.net
intel.de
blogs.vmware.com
kb.vmware.com
docs.vmware.com
ssc.vmware.com
my.vmware.com
mon.vmware.com
ebaystatic.co
ebayimg.com
ebaycdn.net
visa.de
att.com
accounts.xboxlive.com
activity.windows.com
adept-server-prod-uodmhebufa-ue.a.run.app
arc.msn.com
assets.xboxservices.com
avatarv3.xboxlive.com
c.pki.goog
catalog.gamepass.com
clubhub.xboxlive.com
comments.xboxlive.com
consent.config.office.com
dlassets-ssl.xboxlive.com
dns.msftncsi.com
editorial.xboxlive.com
eplists.xboxlive.com
gosca18.ea.com
images-eds-ssl.xboxlive.com
in.appcenter.ms
insights-collector.newrelic.com
instance.mgt.xboxlive.com
leaderboards.xboxlive.com
login.live.com
notificationinbox.xboxlive.com
notifier.xboxlive.com
ocsp.digicert.com
peoplehub.xboxlive.com
privacy.xboxlive.com
profile.xboxlive.com
rta.xboxlive.com
sessiondirectory.xboxlive.com
social.xboxlive.com
streaming.xboxlive.com
title.mgt.xboxlive.com
titlehub.xboxlive.com
titlestorage.xboxlive.com
titlestoragescus0102.blob.core.windows.net
user.auth.xboxlive.com
userpresence.xboxlive.com
userstats.xboxlive.com
usertitles.xboxlive.com
utas.prd.s5.prd.futc-ext.gcp.ea.com
msftconnecttest.com
www.msftncsi.com
www.xboxab.com
www.xboxlive.com
xblmessaging.xboxlive.com
xgrant.xboxlive.com
xncsi.xboxlive.com
xnotify.xboxlive.com
xsts.auth.xboxlive.com
fcas.prd.s5.prd.futc-ext.gcp.ea.com
000webhost.com
a.softaculous.com
account.wpmet.com
aceplugins.com
acf-extended.com
acme-v02.api.letsencrypt.org
adminmenueditor.com
adsense.googleapis.com
alfahost.me
almalinux.mirror.liteserver.nl
almalinux.mirror.wearetriple.com
ampcid.google.com
analyticsreporting.googleapis.com
analytify.io
api.admincolumns.com
api.akismet.com
api.appsero.com
api.cm-wp.com
api.coinex.com
api.envato.com
api.eu.mailgun.net
api.exactmetrics.com
api.fontawesome.com
api.freemius.com
api.getbeamer.com
api.google.com
api.ipify.org
api.mailgun.net
api.monsterinsights.com
api.openprovider.eu
api.resmush.it
api.softaculous.com
api.thesslstore.com
api.tinify.com
api.unlimited-elements.com
api.us.mailgun.net
api.virtualizor.com
api.wordpress.com
api.wordpress.org
api.wpfastestcache.net
api.wpmet.com
app-gateway.creativemail.com
app.imagify.io
archive.mariadb.org
arpriceplugin.com
assets.gumroad.com
auth.docker.io
auth.wincher.com
authenticate.scriptsbundle.com
avada.ir
bdthemes.com
bit.ly
c.speedtest.net
cai.rankmath.com
casper.yithemes.com
cdn-download.rocket.chat
cdn.jsdelivr.net
cdn.wpml.org
centos.mirror.liteserver.nl
centos.mirror.triple-it.nl
client.crisp.chat
client.sabinserver.com
codecs.fedoraproject.org
coinbase.com
connect.wpmailsmtp.com
console.firebase.google.com
creativemail.com
csp.withgoogle.com
curd.io
da.vsicloud.com
das.domreg.lt
data.gingersoftware.com
database.clamav.net
deb.nodesource.com
demo.themegrill.com
deploymentcode.com
developer.wordpress.org
devs.mx
directadmin.com
dl.fedoraproject.org
dl.k8s.io
dl.yarnpkg.com
dlm.mariadb.com
domaincheck.auda.org.au
download.docker.com
download.imunify360.com
download.sunnytoo.com
download.wordpress.org
downloads.joomla.org
downloads.mariadb.com
downloads.wordpress.com
downloads.wordpress.org
elementor.api.kustomerapp.com
epel.mirror.wearetriple.com
exactmetrics.com
extendify.com
fa.wordpress.org
farazserver.net
fedora-epel.koyanet.lv
files.directadmin.com
files.pythonhosted.org
files.rtl-theme.com
files.softaculous.com
files.virtualizor.com
flexibleshipping.com
fonts.googleapis.com
ftp.nluug.nl
ftp.postgresql.org
get.docker.ir
getwooplugins.com
gmail-smtp-in.l.google.com
gmail.googleapis.com
gravityapi.com
help.us-themes.com
httpupdate.cpanel.net
igdb.com
iid.googleapis.com
indexing.googleapis.com
intellywp.com
ipecho.net
ir.archive.ubuntu.com
iran-locations-api.vercel.app
is.gd
ithemes.com
ivi.ru
ivi.tv
izhakwood.com
jetpack.wordpress.com
justpaste.it
kero.yachay.pe
licence.yithemes.com
license.dynamic.ooo
license.opencart-api.com
licenses.bdthemes.co
licenses.softaculous.com
lifterlms.com
lightning.devs.mx
linuxserver2.dedidata.com
manage2.cpanel.net
marketplace.envato.com
megamenu.com
metasploit.com
mirror.1000mbps.com
mirror.ams1.nl.leaseweb.net
mirror.centos.org
mirror.efect.ro
mirror.lyrahosting.com
mirror.mijn.host
mirror.nforce.com
mirror.nl.datapacket.com
mirror.oxilion.nl
mirror.previder.nl
mirror.prolocation.net
mirror.proserve.nl
mirror.serverius.net
mirror.sitbv.nl
mirror.spectraip.net
mirror.theory7.net
mirror.usenet.farm
mirror.wd6.net
mirror.widexs.nl
mirrorlist.centos.org
mirrors.almalinux.org
mirrors.fedoraproject.org
monarch.tonic.to
my.elementor.com
my.yoast.com
netflix.com
nextendweb.com
ngrok.io
ninjateam.org
nip.io
nl.mirrors.clouvider.net
node-binaries.s3.amazonaws.com
node.aapanel.com
novininsta.com
oauth2.googleapis.com
objectcache.pro
ocsp.comodoca.com
onesignal.com
onlinesim.ru
openssl.org
openvpn.net
order.heapsoftware.com
oteapi.webnic.cc
packages-eu.bigbluebutton.org
packages.gitlab.com
packages.translationspress.com
pagespeedonline.googleapis.com
pecl.php.net
perfectmoney.com
perfmatters.io
pgp.mongodb.com
pimwick.com
plugin-downloads.elementor.com
plugins.svn.wordpress.org
ppa.launchpad.net
preview.codecanyon.net
pub.hostdns.top
public-api.wordpress.com
pypi.python.org
quadlayers.com
r.cpanel.fleetssl.com
r.mariadb.com
really-simple-ssl.com
redux.io
reduxframework.com
releases.rocket.chat
repo.almalinux.org
repo.cloudlinux.com
repo.imunify360.cloudlinux.com
repo.jetlicense.com
repo.mongodb.org
repo.packagist.org
repo.percona.com
repo.the7.io
resmush.it
rest.akismet.com
s0.softaculous.com
s1.softaculous.com
s2.softaculous.com
s3-us-west-2.amazonaws.com
s3.softaculous.com
s4.softaculous.com
s5.softaculous.com
s6.softaculous.com
s7.softaculous.com
s8.softaculous.com
sandbox-wbapi.thesslstore.com
scriptsbundle.com
searchconsole.googleapis.com
searchwp.com
securedownloads.cpanel.net
security.ubuntu.com
server.softaculous.com
shopapi.apigift.com
sitekit.withgoogle.com
smushpro.wpmudev.org
softaculous.com
spamassassin.apache.org
speedtest.net
stats.wp.com
storage.googleapis.com
store.cpanel.net
store.theplusaddons.com
sunnytoo.com
supplychain.mariadb.com
support.brainstormforce.com
sw-themes.com
teconce.com
terrytao.wordpress.com
test.beshkon.ir
the7.io
themeisle.com
themexriver.com
tinyurl.com
tnedi.me
tp.tax.gov.ir
tp.wpml.org
translate.wordpress.com
translate.wordpress.org
type.googleapis.com
ubuntu.bigbluebutton.org
upd.merkulov.design
update.yithemes.com
updates.themepunch-ext-a.tools
updates.themepunch-ext-b.tools
updates.themepunch-ext-c.tools
updates.themepunch.tools
updates.wpbakery.com
usa10.tavanahost.com
vault.centos.org
verify.cpanel.net
vestacp.com
virtualizor.com
visser.com.au
webpay.bahamta.com
welaunch.io
whmcs.deploymentcode.com
wincher.com
woodmart.xtemos.com
wordpress.com
wordpress.org
wp-statistics.com
wp-toolkit.plesk.com
wp.com
wpapi.quic.cloud
wpforms.com
wpmailsmtp.com
wpmet.com
www.a.softaculous.com
www.api.softaculous.com
www.api.virtualizor.com
www.arpriceplugin.com
www.bigbluebutton.org
www.codecanyon.net
www.directadmin.com
www.envato.com
www.exactmetrics.com
www.files.virtualizor.com
www.googleapis.com
www.gt
www.ilghera.com
www.jetpack.com
www.licenses.softaculous.com
www.mongodb.org
www.nic.pa
www.onesignal.com
www.origin.com
www.preview.themeforest.net
www.rtl-theme.com
www.s1.softaculous.com
www.s2.softaculous.com
www.s3.softaculous.com
www.s4.softaculous.com
www.s5.softaculous.com
www.s6.softaculous.com
www.s7.softaculous.com
www.server.softaculous.com
www.softaculous.com
www.speedtest.net
www.sunnytoo.com
www.themeforest.net
www.virtualizor.com
www.vmware.com
www.wonderplugin.com
www.wordfence.com
www.yoa.st
www.yoast.com
xip.io
yoa.st
yoast.com
za.net
zispa.co.zw
pes22-game.cs.konami.net
asus.com
firebaseremoteconfig.googleapis.com
pcsupport.lenovo.com
registry.docker.io
alexa.amazon.com
alexa.a2z.com
device-metrics-us.amazon.com
firmware.amazon.com
amazon.co.uk
amazon.de
amazonalexa.com
echo-api.amazon.com
pitangui.amazon.com
layla.amazon.com
alexa-fe.amazon.com
alexa-comms-mobile-service.amazon.com
alexa-skills.amazon.com
alexa-na.amazon.com
alexa-eu.amazon.com
alexa-apis.amazon.com
alexa.amazon.co.jp
alexa.amazon.ca
alexa.amazon.com.au
alexa.amazon.in
alexa.amazon.com.mx
alexa.amazon.com.br
alexa.amazon.fr
alexa.amazon.it
alexa.amazon.es
alexa.amazon.cn
alexa.amazon.nl
alexa.amazon.se
alexa.amazon.sa
alexa.amazon.ae
alexa.amazon.sg
alexa.amazon.com.tr
alexa.amazon.com.pl
alexa.amazon.com.za
alexa.amazon.com.eg
alexa.amazon.com.ar
alexa.amazon.com.cl
alexa.amazon.com.co
alexa.amazon.com.pe
alexa.amazon.com.uy
alexa.amazon.com.ve
alexa.amazon.com.bo
alexa.amazon.com.py
alexa.amazon.com.ec
alexa.amazon.com.gt
alexa.amazon.com.hn
alexa.amazon.com.ni
alexa.amazon.com.pa
alexa.amazon.com.cr
alexa.amazon.com.do
alexa.amazon.com.pr
alexa.amazon.com.jm
alexa.amazon.com.tt
alexa.amazon.com.bs
alexa.amazon.com.bz
alexa.amazon.com.bb
alexa.amazon.com.ag
alexa.amazon.com.dm
alexa.amazon.com.gd
alexa.amazon.com.kn
alexa.amazon.com.lc
alexa.amazon.com.vc
alexa.amazon.com.sv
alexa.amazon.com.ht
alexa.amazon.com.cu
alexa.amazon.com.bm
alexa.amazon.com.ai
alexa.amazon.com.ms
alexa.amazon.com.tc
alexa.amazon.com.vg
alexa.amazon.com.vi
alexa.amazon.com.mq
alexa.amazon.com.gp
alexa.amazon.com.bl
alexa.amazon.com.mf
alexa.amazon.com.sx
alexa.amazon.com.aw
alexa.amazon.com.cw
alexa.amazon.com.sr
alexa.amazon.com.gy
hackthebox.com
tryhackme.com
googleusercontent.com
battle.net
blizzard.com
wowhead.com
kmplayer.com
ldplayer.net
clashofclans.com
fortnite.com
supercell.com
notion.com
java.com
paymentwall.com
adwords.google.com
maxcdn.com
wix.com
bluehost.com
drivereasy.com
driverguide.com
gopro.com
autodesk.com
autodeskplm360.com
mcafee.com
nanobox.io
dnastack.com
target.com
capitalone.com
wallet.google.com
gamestop.com
garmin.com
dreamstime.com
tdbank.com
kmart.com
fundsxpress.com
firstdata.com
aaa.com
level3.com
ml.com
paychex.com
pandora.com
justcloud.com
pagodabox.io
vue.com
pluralsight.com
itasoftware.com
sony.net
strongloop.com
dominos.co.uk
yourprimer.com
chromeexperiments.com
html5rocks.com
playmapscube.com
getmdl.io
chrome.com
digitalattackmap.com
virustotal.com
blossom.io
switch.co
draw.io
gramfeed.com
paydesk.co
affini-tech.com
humblebundle.com
defold.com
googlesciencefair.com
madewithcode.com
creativelab5.com
googleapps.com
richmediagallery.com
howgoogleworks.net
androidexperiments.com
urbangalaxyonline.com
ingress.com
synergyse.com
cubeslam.com
projectrebrief.com
pushbullet.com
cloudservepoint.com
affclicker.com
servingclks.com
cloudzonetrk.com
vonvon.me
pravda.com.ua
usaa.com
bloomingdales.com
epochtimes.com
sears.com
pnc.com
kohls.com
apartments.com
scoompa.com
seatgeek.com
appintheair.mobi
womentechmakers.com
gwtproject.org
usbank.com
usbankfocus.com
usbankconnect.com
usbconvenientcash.com
usbankgomobile.com
flexperks.com
usbank.visabuxx.com
usa.visa.com
elanfinancialservices.com
myaccountaccess.com
withyoutube.com
tablesgenerator.com
gpsessentials.com
truelicense.java.net
zxing.org
signup.playster.com
blogify.io
mockable.io
software.intel.com
ganttproject.biz
timer-tab.com
getsentry.com
rollbar.com
retailmenot.com
seagate.com
bombsquadgame.com
wowza.com
activestate.com
docs.sentry.io
relativewave.com
gcppodcast.com
dl.trimble.com
support.toggl.com
flag-icon-css.lip.is
jobs.toggl.com
superday.toggl.com
blog.toggl.com
tableau.com
marketplace.atlassian.com
panel.preyproject.com
solid.preyproject.com
malwarebytes.com
data-cdn.mbamupdates.com
hortonworks.com
airbnb.com
kaleidoscopeapp.com
artifacts.elastic.co
my.nic.io
g.codefresh.io
plot.ly
dellemc.com
flynn.io
gohugo.io
engineering.canceriq.com
specialist.canceriq.com
login.canceriq.com
navigator.canceriq.com
secure.php.net
ca.com
install.avcdn.net
download.ccleaner.com
avast.com
sandisk.com
toptal.com
epayments.com
gcping.com
forticlient.com
getambassador.io
konghq.com
istio.io
freshworks.com
messagebird.com
registry.access.redhat.com
pandasecurity.com
sophos.com
league.com
sightmachine.com
shujinko.io
sysdig.com
fluentd.org
uber.com
m.uber.com
ubereats.com
auth.uber.com
registry.redhat.io
aistudio.google.com
dnsv1.com
edgesuite.net
gpubgm.com
amsoveasea.com
pubgmobile.com
ip.sb
xboxservices.com
vscode-cdn.net
msn.com
msftncsi.com
dockerstatic.com
windowsupdate.com
asus.com.cn
amazontrust.com
gamesplanet.com
ifconfig.me
steamstatic.com
vscode-unpkg.net
grok.com
x.ai
anthropic.com
zamimg.com
notebooklm.google.com
asana.com
tenable.com
myfonts.com
nxp.com
fodev.org
mymavenrepo.com
regxa.com
jsdelivr.net
jquery.com
unpkg.com
exp-tas.com
msecnd.net
uxcam.com
gamepass.com
windows.com
xboxab.com
xboxab.net
myget.org
chatgptonline.net
awsstatic.com
hetzner.company
hetzner.de
cloudflare.com
mintegral.com
dlang.org
yandex.com
bitvision.app
wallpaperget.com
microblink.com
huggingface.co
convertio.me
ieee.com
pytorchlightning.ai
ipwhois.app
earthengine.google.com
tomtom.com
exceedlms.com
cs50.io
cs50.ai
cs50.me
cs50.dev
vscode.dev
github.dev
sites.google.com
gvt1.com
github.io
pdf2go.com
netdevgroup.com
reality.ai
mozilla.net
kite.com
googletagservices.com
jetbrains.space
ngrok.com
gradle-dn.com
debian.org
code.videolan.org
videolan.org
oddrun.ir
huawei.com
leech.com
serverfault.com
stackoverflow.com
flutter-io.cn
githubapp.com
freedesktop.org
mybridge.co
githubusercontent.com
sentry-cdn.com
softonic.com
pscdn.co
gstatic.com
en25.com
myfonts.net
jetbrains.com
traviscistatus.com
flutterlearn.com
cp.maxcdn.com
udemycdn.com
udemycdn-a.com
developer.chrome.com
github.com
sonatype.org
cloudfront.net
gitlab-static.net
livefyre.com
macromedia.com
gallery.io
centos.org
scdn.co
githubassets.com
serialport.io
fluttercrashcourse.com
vmcdn.com
mouser.com
packagesource.com
wtfismyip.com
unsplash.com
coursera-apps.org
yarnpkg.com
battlecode.org
vuetifyjs.com
deployer.org
fedoraproject.org
alpinelinux.org
yajrabox.com
webcatalog.app
envato.market
visualping.io
trellocdn.com
typoci.com
logrocket.com
hp.com
leafletjs.com
ojrq.net
xiaomi.com
micropyramid.com
deno.com
minio.io
nvcr.io
opendev.org
pypa.io
cirros-cloud.net
dashboardpack.com
eloqua.com
gnome.org
lgappstv.com
onfastspring.com
templatemag.com
themepixels.me
insomnia.rest
axocdn.com
dellcdn.com
webcatalog.io
dartpad.dev
js.org
openembedded.org
kernel.org
openembedded.or
squarespace.com
fastapi.tiangolo.com
8xr.io
litespeedtech.com
buf.build
pkg.jenkins.io
downloads.arduino.cc